BadAnnotations.panda:1:1: error: unrecognized annotation '@foo'
BadAnnotations.panda:6:1: error: duplicate annotation
BadAnnotations.panda:15:1: error: classes may not be annotated with '@protected'
BadAnnotations.panda:15:1: error: classes may not be annotated with '@class'
BadAnnotations.panda:15:1: error: classes may not be annotated with '@override'
BadAnnotations.panda:15:1: error: classes may not be annotated with '@external'
BadAnnotations.panda:15:1: error: classes may not be annotated with '@implicit'
BadAnnotations.panda:15:1: error: classes may not be annotated with '@weak'
BadAnnotations.panda:15:1: error: classes may not be annotated with '@pre'
BadAnnotations.panda:15:1: error: classes may not be annotated with '@preOr'
BadAnnotations.panda:15:1: error: classes may not be annotated with '@post'
BadAnnotations.panda:15:1: error: classes may not be annotated with '@postAnd'
BadAnnotations.panda:15:1: error: conflicting access modifier annotations
13 errors
