[true, 1, "hello"]
true
1
hello
{ "address": { "city": "New York", "postalCode": "10021-3100", "state": "NY", "streetAddress": "21 2nd Street" }, "age": 27, "children": [], "firstName": "John", "isAlive": true, "lastName": "Smith", "phoneNumbers": [{ "number": "212 555-1234", "type": "home" }, { "number": "646 555-4567", "type": "office" }, { "number": "123 456-7890", "type": "mobile" }], "spouse": null }
true
27
{ "city": "New York", "postalCode": "10021-3100", "state": "NY", "streetAddress": "21 2nd Street" }
John
646 555-4567
