LambdaError.panda:14:28: error: lambda error
    when interpreted as '(panda.core.Int8)=>(panda.core.Int8)':
        class 'panda.core.Int8' does not have a member named 'utf8'
    when interpreted as '(panda.core.String)=>(panda.core.String)':
        expected 'panda.core.String', but found 'panda.collections.ListView<panda.core.Char8>'
    when interpreted as '(panda.core.Int16)=>(panda.core.Int16)':
        class 'panda.core.Int16' does not have a member named 'utf8'
1 error
