1
not square
not square
4
not square
not square
not square
not square
9
not square
not square
not square
not square
not square
not square
16
not square
not square
not square
not square
not square
not square
not square
not square
25
not square
not square
not square
not square
not square
not square
not square
not square
not square
not square
36
not square
not square
not square
not square
not square
not square
not square
not square
not square
not square
not square
not square
49
not square
not square
not square
not square
not square
not square
not square
not square
not square
not square
not square
not square
not square
not square
64
not square
not square
not square
not square
not square
not square
not square
not square
not square
not square
not square
not square
not square
not square
not square
not square
81
not square
not square
not square
not square
not square
not square
not square
not square
not square
not square
not square
not square
not square
not square
not square
not square
not square
not square
100
