Int64 Arithmetic
17
3
70
1
20
5
Int64 Comparisons
false
true
true
false
false
true
false
true
false
true
false
true
false
false
true
true
Int64 Compound Assignment
17
10
70
10
20
10
Bit Logic
noisyTrue()
false
noisyFalse()
true
noisyTrue()
noisyTrue()
true
noisyTrue()
noisyFalse()
false
noisyFalse()
false
noisyFalse()
false
noisyTrue()
true
noisyTrue()
true
noisyFalse()
noisyTrue()
true
noisyFalse()
noisyFalse()
false
Bit Compound Assignment
noisyTrue()
true
noisyFalse()
false
false
false
true
true
noisyTrue()
true
noisyFalse()
false
