RangeForLoopNonNumeric.panda:2:14: error: expected range start to be a Value, but found 'panda.core.String'
RangeForLoopNonNumeric.panda:7:9: error: for loop variable cannot have non-numeric type 'panda.core.String'
RangeForLoopNonNumeric.panda:12:9: error: for loop variable cannot have non-numeric type 'panda.core.Bit'
RangeForLoopNonNumeric.panda:17:25: error: expected range step to be a Value, but found 'panda.io.File'
4 errors
