RangeTypeMismatch.frost:3:36: error: expected 'frost.core.UInt8', but found 'IntegerLiteral(-1)'
RangeTypeMismatch.frost:9:18: error: for loop cannot iterate over 'frost.core.SteppedRange<frost.core.UInt64, frost.core.Int64>'; endpoint and step types are not compatible
RangeTypeMismatch.frost:15:23: error: expected 'frost.core.SteppedRange<frost.core.Int8, frost.core.Int8>', but found 'frost.core.Range<frost.core.Int64>'
3 errors
