+
Hello, World!!
Hello, World!5123
Hello, World!true
falseHello, World!

startsWith
true
false
false
true
false

endsWith
true
false
true
false
false

[Range]
Hello, World!
Hello, World!
Hello, World!
Hello, World!
Hlo ol!
!dlroW ,olleH
!lo olH
Hello
Hello,
Hlo
World!
World!
World
World!
dlroW
olleH
olleH
H

indexOf
0
4
8
0
true
true
true

split1
This
is
a
long
string

split2
This
is
a long string
