+
Hello, World!!
Hello, World!5123
Hello, World!true
falseHello, World!

startsWith
true
false
true
true
false

endsWith
true
true
true
false
false

[Range]
Hello, World!
Hello, World!
Hlo ol!
!dlroW ,olleH
!lo olH
Hello, World!
Hello, World!
Hlo ol!
!dlroW ,olleH
!lo olH
Hello
Hello,
Hlo
World!
World!
World
World!
dlroW
olleH
olleH
H

Empty[Range]





















indexOf
H
H
!
!
H
!
l
d
e
true
true

split1
This
is
a
long
string

split2
This
is
a long string

replace
Hell123, W123rld!
123456789
456456789
123456456
bbbbbbbbb
aa
aa


split
[Hello, World!]
[, hello, world, , test, ]
[1, 2,3,4,5,6]
[H, e, llo]

trim
Hello, World!
Hello, World!



contains
true
false
true
false
true
false

*
HelloHelloHello



format
Hello
"Hello"
"\tHe\"llo\n\\"
