VoidExpression.panda:9:22: error: method anonymous.VoidExpression.foo() does not return a value
VoidExpression.panda:13:13: error: method anonymous.VoidExpression.foo() does not return a value
VoidExpression.panda:18:14: error: method anonymous.VoidExpression.bar(i:panda.core.Int64) does not return a value
3 errors
