creating Root()
creating Animal()
creating Vertebrate()
creating Mammal()
creating Primate()
creating Human()
creating Chimpanzee()
creating Rodent()
creating Rabbit()
creating Rat()
creating Fish()
creating Tuna()
creating Shark()
creating Minnow()
creating Invertebrate()
creating Worm()
creating Spider()
creating Crab()
Root(Animal(Vertebrate(Mammal(Primate(Human(), Chimpanzee()), Rodent(Rabbit(), Rat())), Fish(Tuna(), Shark(), Minnow())), Invertebrate(Worm(), Spider(), Crab())))
Human()
Primate(Human(), Chimpanzee())
Mammal(Primate(Human(), Chimpanzee()), Rodent(Rabbit(), Rat()))
Vertebrate(Mammal(Primate(Human(), Chimpanzee()), Rodent(Rabbit(), Rat())), Fish(Tuna(), Shark(), Minnow()))
Animal(Vertebrate(Mammal(Primate(Human(), Chimpanzee()), Rodent(Rabbit(), Rat())), Fish(Tuna(), Shark(), Minnow())), Invertebrate(Worm(), Spider(), Crab()))
Root(Animal(Vertebrate(Mammal(Primate(Human(), Chimpanzee()), Rodent(Rabbit(), Rat())), Fish(Tuna(), Shark(), Minnow())), Invertebrate(Worm(), Spider(), Crab())))
destroying Root(Animal(Vertebrate(Mammal(Primate(Human(), Chimpanzee()), Rodent(Rabbit(), Rat())), Fish(Tuna(), Shark(), Minnow())), Invertebrate(Worm(), Spider(), Crab())))
destroying Animal(Vertebrate(Mammal(Primate(Human(), Chimpanzee()), Rodent(Rabbit(), Rat())), Fish(Tuna(), Shark(), Minnow())), Invertebrate(Worm(), Spider(), Crab()))
destroying Vertebrate(Mammal(Primate(Human(), Chimpanzee()), Rodent(Rabbit(), Rat())), Fish(Tuna(), Shark(), Minnow()))
destroying Mammal(Primate(Human(), Chimpanzee()), Rodent(Rabbit(), Rat()))
destroying Primate(Human(), Chimpanzee())
destroying Human()
destroying Chimpanzee()
destroying Rodent(Rabbit(), Rat())
destroying Rabbit()
destroying Rat()
destroying Fish(Tuna(), Shark(), Minnow())
destroying Tuna()
destroying Shark()
destroying Minnow()
destroying Invertebrate(Worm(), Spider(), Crab())
destroying Worm()
destroying Spider()
destroying Crab()
